------------------------------------------------------------
Timing Analyzer Summary
------------------------------------------------------------

Type  : Slow 1200mV 85C Model Setup 'clk1[21]'
Slack : -7.704
TNS   : -311.569

Type  : Slow 1200mV 85C Model Setup 'switches[0]'
Slack : -7.030
TNS   : -283.261

Type  : Slow 1200mV 85C Model Setup 'clk'
Slack : -1.332
TNS   : -23.310

Type  : Slow 1200mV 85C Model Setup 'clk1[15]'
Slack : -0.614
TNS   : -2.760

Type  : Slow 1200mV 85C Model Hold 'switches[0]'
Slack : -1.600
TNS   : -1.600

Type  : Slow 1200mV 85C Model Hold 'clk'
Slack : 0.335
TNS   : 0.000

Type  : Slow 1200mV 85C Model Hold 'clk1[15]'
Slack : 0.356
TNS   : 0.000

Type  : Slow 1200mV 85C Model Hold 'clk1[21]'
Slack : 0.357
TNS   : 0.000

Type  : Slow 1200mV 85C Model Minimum Pulse Width 'switches[0]'
Slack : -3.000
TNS   : -271.681

Type  : Slow 1200mV 85C Model Minimum Pulse Width 'clk'
Slack : -3.000
TNS   : -29.000

Type  : Slow 1200mV 85C Model Minimum Pulse Width 'clk1[21]'
Slack : -1.000
TNS   : -43.000

Type  : Slow 1200mV 85C Model Minimum Pulse Width 'clk1[15]'
Slack : -1.000
TNS   : -10.000

Type  : Slow 1200mV 0C Model Setup 'clk1[21]'
Slack : -6.838
TNS   : -276.843

Type  : Slow 1200mV 0C Model Setup 'switches[0]'
Slack : -6.183
TNS   : -249.333

Type  : Slow 1200mV 0C Model Setup 'clk'
Slack : -1.021
TNS   : -17.569

Type  : Slow 1200mV 0C Model Setup 'clk1[15]'
Slack : -0.472
TNS   : -1.955

Type  : Slow 1200mV 0C Model Hold 'switches[0]'
Slack : -1.519
TNS   : -1.519

Type  : Slow 1200mV 0C Model Hold 'clk1[15]'
Slack : 0.311
TNS   : 0.000

Type  : Slow 1200mV 0C Model Hold 'clk1[21]'
Slack : 0.311
TNS   : 0.000

Type  : Slow 1200mV 0C Model Hold 'clk'
Slack : 0.320
TNS   : 0.000

Type  : Slow 1200mV 0C Model Minimum Pulse Width 'switches[0]'
Slack : -3.000
TNS   : -241.866

Type  : Slow 1200mV 0C Model Minimum Pulse Width 'clk'
Slack : -3.000
TNS   : -29.000

Type  : Slow 1200mV 0C Model Minimum Pulse Width 'clk1[21]'
Slack : -1.000
TNS   : -43.000

Type  : Slow 1200mV 0C Model Minimum Pulse Width 'clk1[15]'
Slack : -1.000
TNS   : -10.000

Type  : Fast 1200mV 0C Model Setup 'clk1[21]'
Slack : -4.682
TNS   : -189.386

Type  : Fast 1200mV 0C Model Setup 'switches[0]'
Slack : -4.321
TNS   : -174.224

Type  : Fast 1200mV 0C Model Setup 'clk'
Slack : -0.569
TNS   : -4.792

Type  : Fast 1200mV 0C Model Setup 'clk1[15]'
Slack : 0.109
TNS   : 0.000

Type  : Fast 1200mV 0C Model Hold 'switches[0]'
Slack : -0.866
TNS   : -0.866

Type  : Fast 1200mV 0C Model Hold 'clk'
Slack : 0.112
TNS   : 0.000

Type  : Fast 1200mV 0C Model Hold 'clk1[15]'
Slack : 0.185
TNS   : 0.000

Type  : Fast 1200mV 0C Model Hold 'clk1[21]'
Slack : 0.186
TNS   : 0.000

Type  : Fast 1200mV 0C Model Minimum Pulse Width 'switches[0]'
Slack : -3.000
TNS   : -188.776

Type  : Fast 1200mV 0C Model Minimum Pulse Width 'clk'
Slack : -3.000
TNS   : -30.034

Type  : Fast 1200mV 0C Model Minimum Pulse Width 'clk1[21]'
Slack : -1.000
TNS   : -43.000

Type  : Fast 1200mV 0C Model Minimum Pulse Width 'clk1[15]'
Slack : -1.000
TNS   : -10.000

------------------------------------------------------------
