------------------------------------------------------------
Timing Analyzer Summary
------------------------------------------------------------

Type  : Slow 1200mV 85C Model Setup 'clkPushButton'
Slack : -7.691
TNS   : -455.280

Type  : Slow 1200mV 85C Model Setup 'clk50Mhz'
Slack : -1.261
TNS   : -10.603

Type  : Slow 1200mV 85C Model Setup 'SevenSegmentDisplayDriver:sevenSegDriver|clk1[15]'
Slack : 0.221
TNS   : 0.000

Type  : Slow 1200mV 85C Model Hold 'SevenSegmentDisplayDriver:sevenSegDriver|clk1[15]'
Slack : 0.359
TNS   : 0.000

Type  : Slow 1200mV 85C Model Hold 'clk50Mhz'
Slack : 0.360
TNS   : 0.000

Type  : Slow 1200mV 85C Model Hold 'clkPushButton'
Slack : 0.385
TNS   : 0.000

Type  : Slow 1200mV 85C Model Minimum Pulse Width 'clkPushButton'
Slack : -3.000
TNS   : -79.174

Type  : Slow 1200mV 85C Model Minimum Pulse Width 'clk50Mhz'
Slack : -3.000
TNS   : -19.000

Type  : Slow 1200mV 85C Model Minimum Pulse Width 'SevenSegmentDisplayDriver:sevenSegDriver|clk1[15]'
Slack : -1.000
TNS   : -6.000

Type  : Slow 1200mV 0C Model Setup 'clkPushButton'
Slack : -6.834
TNS   : -401.931

Type  : Slow 1200mV 0C Model Setup 'clk50Mhz'
Slack : -0.988
TNS   : -7.663

Type  : Slow 1200mV 0C Model Setup 'SevenSegmentDisplayDriver:sevenSegDriver|clk1[15]'
Slack : 0.299
TNS   : 0.000

Type  : Slow 1200mV 0C Model Hold 'SevenSegmentDisplayDriver:sevenSegDriver|clk1[15]'
Slack : 0.311
TNS   : 0.000

Type  : Slow 1200mV 0C Model Hold 'clk50Mhz'
Slack : 0.320
TNS   : 0.000

Type  : Slow 1200mV 0C Model Hold 'clkPushButton'
Slack : 0.341
TNS   : 0.000

Type  : Slow 1200mV 0C Model Minimum Pulse Width 'clkPushButton'
Slack : -3.000
TNS   : -79.174

Type  : Slow 1200mV 0C Model Minimum Pulse Width 'clk50Mhz'
Slack : -3.000
TNS   : -19.000

Type  : Slow 1200mV 0C Model Minimum Pulse Width 'SevenSegmentDisplayDriver:sevenSegDriver|clk1[15]'
Slack : -1.000
TNS   : -6.000

Type  : Fast 1200mV 0C Model Setup 'clkPushButton'
Slack : -3.787
TNS   : -215.930

Type  : Fast 1200mV 0C Model Setup 'clk50Mhz'
Slack : -0.502
TNS   : -0.732

Type  : Fast 1200mV 0C Model Setup 'SevenSegmentDisplayDriver:sevenSegDriver|clk1[15]'
Slack : 0.566
TNS   : 0.000

Type  : Fast 1200mV 0C Model Hold 'SevenSegmentDisplayDriver:sevenSegDriver|clk1[15]'
Slack : 0.188
TNS   : 0.000

Type  : Fast 1200mV 0C Model Hold 'clk50Mhz'
Slack : 0.193
TNS   : 0.000

Type  : Fast 1200mV 0C Model Hold 'clkPushButton'
Slack : 0.208
TNS   : 0.000

Type  : Fast 1200mV 0C Model Minimum Pulse Width 'clkPushButton'
Slack : -3.000
TNS   : -89.841

Type  : Fast 1200mV 0C Model Minimum Pulse Width 'clk50Mhz'
Slack : -3.000
TNS   : -19.964

Type  : Fast 1200mV 0C Model Minimum Pulse Width 'SevenSegmentDisplayDriver:sevenSegDriver|clk1[15]'
Slack : -1.000
TNS   : -6.000

------------------------------------------------------------
